C:\Proyectos\Aventi\test_new_key.py:1: FutureWarning: 

All support for the `google.generativeai` package has ended. It will no longer be receiving 
updates or bug fixes. Please switch to the `google.genai` package as soon as possible.
See README for more details:

https://github.com/google-gemini/deprecated-generative-ai-python/blob/main/README.md

  import google.generativeai as genai
SUCCESS: AquÝ tienes un dato curioso sobre el espacio:

**En Venus, un dÝa es mßs largo que un a±o.**

Esto significa que Venus tarda mßs en rotar sobre su eje (243 dÝas terrestres) que en completar una ¾rbita alrededor del Sol (225 dÝas terrestres). íImagina lo raro que serÝa eso!

